
> react-kavia@0.1.0 start
> react-scripts start

Attempting to bind to HOST environment variable: 0.0.0.0
If this was unintentional, check that you haven't mistakenly set it in your shell.
Learn more here: https://cra.link/advanced-config

(node:329) [DEP_WEBPACK_DEV_SERVER_ON_AFTER_SETUP_MIDDLEWARE] DeprecationWarning: 'onAfterSetupMiddleware' option is deprecated. Please use the 'setupMiddlewares' option.
(Use `node --trace-deprecation ...` to show where the warning was created)
(node:329) [DEP_WEBPACK_DEV_SERVER_ON_BEFORE_SETUP_MIDDLEWARE] DeprecationWarning: 'onBeforeSetupMiddleware' option is deprecated. Please use the 'setupMiddlewares' option.
Starting the development server...

Compiled with warnings.

[eslint] 
src/App.js
  Line 57:10:   'wsMessages' is assigned a value but never used  no-unused-vars
  Line 173:12:  'sendMessage' is defined but never used          no-unused-vars

src/index.js
  Line 6:8:  'Reviews' is defined but never used  no-unused-vars

Search for the keywords to learn more about each warning.
To ignore, add // eslint-disable-next-line to the line before.

WARNING in [eslint] 
src/App.js
  Line 57:10:   'wsMessages' is assigned a value but never used  no-unused-vars
  Line 173:12:  'sendMessage' is defined but never used          no-unused-vars

src/index.js
  Line 6:8:  'Reviews' is defined but never used  no-unused-vars

webpack compiled with 1 warning
Compiling...
Compiled with warnings.

[eslint] 
src/App.js
  Line 57:10:   'wsMessages' is assigned a value but never used  no-unused-vars
  Line 173:12:  'sendMessage' is defined but never used          no-unused-vars

src/index.js
  Line 6:8:  'Reviews' is defined but never used  no-unused-vars

Search for the keywords to learn more about each warning.
To ignore, add // eslint-disable-next-line to the line before.

WARNING in [eslint] 
src/App.js
  Line 57:10:   'wsMessages' is assigned a value but never used  no-unused-vars
  Line 173:12:  'sendMessage' is defined but never used          no-unused-vars

src/index.js
  Line 6:8:  'Reviews' is defined but never used  no-unused-vars

webpack compiled with 1 warning
Compiling...
Failed to compile.

Module not found: Error: Can't resolve 'firebase/auth' in '/home/kavia/workspace/code-generation/chennaihomenavigator-17395-de423468/homequestai_frontend/src'
WARNING in [eslint] 
src/App.js
  Line 57:10:   'wsMessages' is assigned a value but never used  no-unused-vars
  Line 173:12:  'sendMessage' is defined but never used          no-unused-vars

src/index.js
  Line 6:8:  'Reviews' is defined but never used  no-unused-vars

ERROR in ./src/AuthContext.js 8:0-158
Module not found: Error: Can't resolve 'firebase/auth' in '/home/kavia/workspace/code-generation/chennaihomenavigator-17395-de423468/homequestai_frontend/src'

ERROR in ./src/firebase.js 3:0-45
Module not found: Error: Can't resolve 'firebase/app' in '/home/kavia/workspace/code-generation/chennaihomenavigator-17395-de423468/homequestai_frontend/src'

ERROR in ./src/firebase.js 4:0-59
Module not found: Error: Can't resolve 'firebase/auth' in '/home/kavia/workspace/code-generation/chennaihomenavigator-17395-de423468/homequestai_frontend/src'

webpack compiled with 3 errors and 1 warning
Compiling...
Failed to compile.

Module not found: Error: Can't resolve 'firebase/auth' in '/home/kavia/workspace/code-generation/chennaihomenavigator-17395-de423468/homequestai_frontend/src'
WARNING in [eslint] 
src/App.js
  Line 10:10:   'useAuth' is defined but never used              no-unused-vars
  Line 57:10:   'wsMessages' is assigned a value but never used  no-unused-vars
  Line 173:12:  'sendMessage' is defined but never used          no-unused-vars

src/index.js
  Line 6:8:  'Reviews' is defined but never used  no-unused-vars

ERROR in ./src/AuthContext.js 8:0-158
Module not found: Error: Can't resolve 'firebase/auth' in '/home/kavia/workspace/code-generation/chennaihomenavigator-17395-de423468/homequestai_frontend/src'

ERROR in ./src/firebase.js 3:0-45
Module not found: Error: Can't resolve 'firebase/app' in '/home/kavia/workspace/code-generation/chennaihomenavigator-17395-de423468/homequestai_frontend/src'

ERROR in ./src/firebase.js 4:0-59
Module not found: Error: Can't resolve 'firebase/auth' in '/home/kavia/workspace/code-generation/chennaihomenavigator-17395-de423468/homequestai_frontend/src'

webpack compiled with 3 errors and 1 warning
Compiling...
Failed to compile.

Module not found: Error: Can't resolve 'firebase/auth' in '/home/kavia/workspace/code-generation/chennaihomenavigator-17395-de423468/homequestai_frontend/src'
WARNING in [eslint] 
src/App.js
  Line 25:10:   'LoginForm' is defined but never used             no-unused-vars
  Line 282:17:  'logout' is assigned a value but never used       no-unused-vars
  Line 282:25:  'authLoading' is assigned a value but never used  no-unused-vars
  Line 297:10:  'wsMessages' is assigned a value but never used   no-unused-vars
  Line 413:12:  'sendMessage' is defined but never used           no-unused-vars

src/index.js
  Line 6:8:  'Reviews' is defined but never used  no-unused-vars

ERROR in ./src/AuthContext.js 8:0-158
Module not found: Error: Can't resolve 'firebase/auth' in '/home/kavia/workspace/code-generation/chennaihomenavigator-17395-de423468/homequestai_frontend/src'

ERROR in ./src/firebase.js 3:0-45
Module not found: Error: Can't resolve 'firebase/app' in '/home/kavia/workspace/code-generation/chennaihomenavigator-17395-de423468/homequestai_frontend/src'

ERROR in ./src/firebase.js 4:0-59
Module not found: Error: Can't resolve 'firebase/auth' in '/home/kavia/workspace/code-generation/chennaihomenavigator-17395-de423468/homequestai_frontend/src'

ERROR in [eslint] 
src/App.js
  Line 314:40:  'registerForm' is not defined     no-undef
  Line 315:7:   'setUser' is not defined          no-undef
  Line 531:24:  'registerForm' is not defined     no-undef
  Line 533:19:  'setRegisterForm' is not defined  no-undef
  Line 538:24:  'registerForm' is not defined     no-undef
  Line 540:19:  'setRegisterForm' is not defined  no-undef
  Line 546:24:  'registerForm' is not defined     no-undef
  Line 548:19:  'setRegisterForm' is not defined  no-undef
  Line 553:24:  'registerForm' is not defined     no-undef
  Line 555:19:  'setRegisterForm' is not defined  no-undef

Search for the keywords to learn more about each error.

webpack compiled with 4 errors and 1 warning
Compiling...
Failed to compile.

Module not found: Error: Can't resolve 'firebase/auth' in '/home/kavia/workspace/code-generation/chennaihomenavigator-17395-de423468/homequestai_frontend/src'
WARNING in [eslint] 
src/App.js
  Line 297:10:  'wsMessages' is assigned a value but never used  no-unused-vars
  Line 310:18:  'handleRegister' is defined but never used       no-unused-vars
  Line 413:12:  'sendMessage' is defined but never used          no-unused-vars

src/index.js
  Line 6:8:  'Reviews' is defined but never used  no-unused-vars

ERROR in ./src/AuthContext.js 8:0-158
Module not found: Error: Can't resolve 'firebase/auth' in '/home/kavia/workspace/code-generation/chennaihomenavigator-17395-de423468/homequestai_frontend/src'

ERROR in ./src/firebase.js 3:0-45
Module not found: Error: Can't resolve 'firebase/app' in '/home/kavia/workspace/code-generation/chennaihomenavigator-17395-de423468/homequestai_frontend/src'

ERROR in ./src/firebase.js 4:0-59
Module not found: Error: Can't resolve 'firebase/auth' in '/home/kavia/workspace/code-generation/chennaihomenavigator-17395-de423468/homequestai_frontend/src'

ERROR in [eslint] 
src/App.js
  Line 314:40:  'registerForm' is not defined  no-undef
  Line 315:7:   'setUser' is not defined       no-undef

Search for the keywords to learn more about each error.

webpack compiled with 4 errors and 1 warning
Compiling...
Failed to compile.

Module not found: Error: Can't resolve 'firebase/auth' in '/home/kavia/workspace/code-generation/chennaihomenavigator-17395-de423468/homequestai_frontend/src'
LOG from webpack.FileSystemInfo
<w> Managed item /home/kavia/workspace/code-generation/chennaihomenavigator-17395-de423468/homequestai_frontend/node_modules/firebase isn't a directory or doesn't contain a package.json (see snapshot.managedPaths option)
+ 13 hidden lines

WARNING in [eslint] 
src/App.js
  Line 297:10:  'wsMessages' is assigned a value but never used  no-unused-vars
  Line 310:18:  'handleRegister' is defined but never used       no-unused-vars
  Line 413:12:  'sendMessage' is defined but never used          no-unused-vars

src/index.js
  Line 6:8:  'Reviews' is defined but never used  no-unused-vars

ERROR in ./src/AuthContext.js 8:0-158
Module not found: Error: Can't resolve 'firebase/auth' in '/home/kavia/workspace/code-generation/chennaihomenavigator-17395-de423468/homequestai_frontend/src'

ERROR in ./src/firebase.js 3:0-45
Module not found: Error: Can't resolve 'firebase/app' in '/home/kavia/workspace/code-generation/chennaihomenavigator-17395-de423468/homequestai_frontend/src'

ERROR in ./src/firebase.js 4:0-59
Module not found: Error: Can't resolve 'firebase/auth' in '/home/kavia/workspace/code-generation/chennaihomenavigator-17395-de423468/homequestai_frontend/src'

ERROR in [eslint] 
src/App.js
  Line 314:40:  'registerForm' is not defined  no-undef
  Line 315:7:   'setUser' is not defined       no-undef

Search for the keywords to learn more about each error.

webpack compiled with 4 errors and 1 warning
Compiling...
Failed to compile.

Module not found: Error: Can't resolve 'firebase/auth' in '/home/kavia/workspace/code-generation/chennaihomenavigator-17395-de423468/homequestai_frontend/src'
LOG from webpack.FileSystemInfo
<w> Managed item /home/kavia/workspace/code-generation/chennaihomenavigator-17395-de423468/homequestai_frontend/node_modules/firebase isn't a directory or doesn't contain a package.json (see snapshot.managedPaths option)
+ 14 hidden lines

WARNING in [eslint] 
src/App.js
  Line 297:10:  'wsMessages' is assigned a value but never used  no-unused-vars
  Line 310:18:  'handleRegister' is defined but never used       no-unused-vars
  Line 413:12:  'sendMessage' is defined but never used          no-unused-vars

src/index.js
  Line 6:8:  'Reviews' is defined but never used  no-unused-vars

ERROR in ./src/AuthContext.js 8:0-158
Module not found: Error: Can't resolve 'firebase/auth' in '/home/kavia/workspace/code-generation/chennaihomenavigator-17395-de423468/homequestai_frontend/src'

ERROR in ./src/firebase.js 3:0-45
Module not found: Error: Can't resolve 'firebase/app' in '/home/kavia/workspace/code-generation/chennaihomenavigator-17395-de423468/homequestai_frontend/src'

ERROR in ./src/firebase.js 4:0-59
Module not found: Error: Can't resolve 'firebase/auth' in '/home/kavia/workspace/code-generation/chennaihomenavigator-17395-de423468/homequestai_frontend/src'

ERROR in [eslint] 
src/App.js
  Line 314:40:  'registerForm' is not defined  no-undef
  Line 315:7:   'setUser' is not defined       no-undef

Search for the keywords to learn more about each error.

webpack compiled with 4 errors and 1 warning
Compiling...
Failed to compile.

[eslint] 
src/App.js
  Line 314:40:  'registerForm' is not defined  no-undef
  Line 315:7:   'setUser' is not defined       no-undef

Search for the keywords to learn more about each error.
LOG from webpack.FileSystemInfo
<w> Managed item /home/kavia/workspace/code-generation/chennaihomenavigator-17395-de423468/homequestai_frontend/node_modules/firebase isn't a directory or doesn't contain a package.json (see snapshot.managedPaths option)
+ 14 hidden lines

WARNING in ./node_modules/firebase/app/dist/esm/index.esm.js
Module Warning (from ./node_modules/source-map-loader/dist/cjs.js):
Failed to parse source map from '/home/kavia/workspace/code-generation/chennaihomenavigator-17395-de423468/homequestai_frontend/node_modules/firebase/app/dist/esm/index.esm.js.map' file: Error: ENOENT: no such file or directory, open '/home/kavia/workspace/code-generation/chennaihomenavigator-17395-de423468/homequestai_frontend/node_modules/firebase/app/dist/esm/index.esm.js.map'

WARNING in ./node_modules/firebase/auth/dist/esm/index.esm.js
Module Warning (from ./node_modules/source-map-loader/dist/cjs.js):
Failed to parse source map from '/home/kavia/workspace/code-generation/chennaihomenavigator-17395-de423468/homequestai_frontend/node_modules/firebase/auth/dist/esm/index.esm.js.map' file: Error: ENOENT: no such file or directory, open '/home/kavia/workspace/code-generation/chennaihomenavigator-17395-de423468/homequestai_frontend/node_modules/firebase/auth/dist/esm/index.esm.js.map'

WARNING in [eslint] 
src/App.js
  Line 297:10:  'wsMessages' is assigned a value but never used  no-unused-vars
  Line 310:18:  'handleRegister' is defined but never used       no-unused-vars
  Line 413:12:  'sendMessage' is defined but never used          no-unused-vars

src/index.js
  Line 6:8:  'Reviews' is defined but never used  no-unused-vars

ERROR in [eslint] 
src/App.js
  Line 314:40:  'registerForm' is not defined  no-undef
  Line 315:7:   'setUser' is not defined       no-undef

Search for the keywords to learn more about each error.

webpack compiled with 1 error and 3 warnings
Compiling...
Failed to compile.

[eslint] 
src/App.js
  Line 314:40:  'registerForm' is not defined  no-undef
  Line 315:7:   'setUser' is not defined       no-undef

Search for the keywords to learn more about each error.
WARNING in ./node_modules/firebase/app/dist/esm/index.esm.js
Module Warning (from ./node_modules/source-map-loader/dist/cjs.js):
Failed to parse source map from '/home/kavia/workspace/code-generation/chennaihomenavigator-17395-de423468/homequestai_frontend/node_modules/firebase/app/dist/esm/index.esm.js.map' file: Error: ENOENT: no such file or directory, open '/home/kavia/workspace/code-generation/chennaihomenavigator-17395-de423468/homequestai_frontend/node_modules/firebase/app/dist/esm/index.esm.js.map'

WARNING in ./node_modules/firebase/auth/dist/esm/index.esm.js
Module Warning (from ./node_modules/source-map-loader/dist/cjs.js):
Failed to parse source map from '/home/kavia/workspace/code-generation/chennaihomenavigator-17395-de423468/homequestai_frontend/node_modules/firebase/auth/dist/esm/index.esm.js.map' file: Error: ENOENT: no such file or directory, open '/home/kavia/workspace/code-generation/chennaihomenavigator-17395-de423468/homequestai_frontend/node_modules/firebase/auth/dist/esm/index.esm.js.map'

WARNING in [eslint] 
src/App.js
  Line 297:10:  'wsMessages' is assigned a value but never used  no-unused-vars
  Line 310:18:  'handleRegister' is defined but never used       no-unused-vars
  Line 413:12:  'sendMessage' is defined but never used          no-unused-vars

src/index.js
  Line 6:8:  'Reviews' is defined but never used  no-unused-vars

ERROR in [eslint] 
src/App.js
  Line 314:40:  'registerForm' is not defined  no-undef
  Line 315:7:   'setUser' is not defined       no-undef

Search for the keywords to learn more about each error.

webpack compiled with 1 error and 3 warnings
Compiling...
Compiled with warnings.

Failed to parse source map from '/home/kavia/workspace/code-generation/chennaihomenavigator-17395-de423468/homequestai_frontend/node_modules/firebase/app/dist/esm/index.esm.js.map' file: Error: ENOENT: no such file or directory, open '/home/kavia/workspace/code-generation/chennaihomenavigator-17395-de423468/homequestai_frontend/node_modules/firebase/app/dist/esm/index.esm.js.map'

Failed to parse source map from '/home/kavia/workspace/code-generation/chennaihomenavigator-17395-de423468/homequestai_frontend/node_modules/firebase/auth/dist/esm/index.esm.js.map' file: Error: ENOENT: no such file or directory, open '/home/kavia/workspace/code-generation/chennaihomenavigator-17395-de423468/homequestai_frontend/node_modules/firebase/auth/dist/esm/index.esm.js.map'

[eslint] 
src/App.js
  Line 297:10:  'wsMessages' is assigned a value but never used  no-unused-vars
  Line 402:12:  'sendMessage' is defined but never used          no-unused-vars

src/index.js
  Line 6:8:  'Reviews' is defined but never used  no-unused-vars

Search for the keywords to learn more about each warning.
To ignore, add // eslint-disable-next-line to the line before.

WARNING in ./node_modules/firebase/app/dist/esm/index.esm.js
Module Warning (from ./node_modules/source-map-loader/dist/cjs.js):
Failed to parse source map from '/home/kavia/workspace/code-generation/chennaihomenavigator-17395-de423468/homequestai_frontend/node_modules/firebase/app/dist/esm/index.esm.js.map' file: Error: ENOENT: no such file or directory, open '/home/kavia/workspace/code-generation/chennaihomenavigator-17395-de423468/homequestai_frontend/node_modules/firebase/app/dist/esm/index.esm.js.map'

WARNING in ./node_modules/firebase/auth/dist/esm/index.esm.js
Module Warning (from ./node_modules/source-map-loader/dist/cjs.js):
Failed to parse source map from '/home/kavia/workspace/code-generation/chennaihomenavigator-17395-de423468/homequestai_frontend/node_modules/firebase/auth/dist/esm/index.esm.js.map' file: Error: ENOENT: no such file or directory, open '/home/kavia/workspace/code-generation/chennaihomenavigator-17395-de423468/homequestai_frontend/node_modules/firebase/auth/dist/esm/index.esm.js.map'

WARNING in [eslint] 
src/App.js
  Line 297:10:  'wsMessages' is assigned a value but never used  no-unused-vars
  Line 402:12:  'sendMessage' is defined but never used          no-unused-vars

src/index.js
  Line 6:8:  'Reviews' is defined but never used  no-unused-vars

webpack compiled with 3 warnings
